../Core/Src/mpu9250.c:94:13:MPU9250_OnActivate	4	static
../Core/Src/mpu9250.c:97:9:MPU9250_IsConnected	8	static
../Core/Src/mpu9250.c:105:6:MPU_I2C_Write	32	static
../Core/Src/mpu9250.c:110:6:MPU_I2C_Read	32	static
../Core/Src/mpu9250.c:118:6:writeRegister	16	static
../Core/Src/mpu9250.c:127:6:readRegisters	16	static
../Core/Src/mpu9250.c:134:6:writeAK8963Register	16	static
../Core/Src/mpu9250.c:150:6:readAK8963Registers	16	static
../Core/Src/mpu9250.c:169:16:whoAmI	8	static
../Core/Src/mpu9250.c:179:12:whoAmIAK8963	8	static
../Core/Src/mpu9250.c:189:9:MPU9250_Init	16	static
../Core/Src/mpu9250.c:291:6:MPU9250_SetAccelRange	16	static
../Core/Src/mpu9250.c:297:6:MPU9250_SetGyroRange	16	static
../Core/Src/mpu9250.c:303:6:MPU9250_SetDLPFBandwidth	16	static
../Core/Src/mpu9250.c:310:6:MPU9250_SetSampleRateDivider	16	static
../Core/Src/mpu9250.c:353:6:MPU9250_GetData	32	static
